Creating test database for alias 'default'...

EEEEEE
======================================================================
ERROR: test_files_tinder_orders_by_requested_tiers (core.tests.test_files_tinder.FilesTinderTests.test_files_tinder_orders_by_requested_tiers)
----------------------------------------------------------------------
Traceback (most recent call last):
  File "C:\Users\akossonovic\OneDrive - Parallel Wireless\Desktop\VScode_projects\Student_drive\core\tests\test_files_tinder.py", line 41, in setUp
    self.favorite_doc = Document.objects.create(
                        ~~~~~~~~~~~~~~~~~~~~~~~^
        course=self.favorite_course,
        ^^^^^^^^^^^^^^^^^^^^^^^^^^^^
    ...<2 lines>...
        uploaded_by=self.friend,
        ^^^^^^^^^^^^^^^^^^^^^^^^
    )
    ^
  File "C:\Users\akossonovic\AppData\Local\Python\pythoncore-3.14-64\Lib\site-packages\django\db\models\manager.py", line 87, in manager_method
    return getattr(self.get_queryset(), name)(*args, **kwargs)
           ~~~~~~~~~~~~~~~~~~~~~~~~~~~~~~~~~~^^^^^^^^^^^^^^^^^
  File "C:\Users\akossonovic\AppData\Local\Python\pythoncore-3.14-64\Lib\site-packages\django\db\models\query.py", line 669, in create
    obj.save(force_insert=True, using=self.db)
    ~~~~~~~~^^^^^^^^^^^^^^^^^^^^^^^^^^^^^^^^^^
  File "C:\Users\akossonovic\OneDrive - Parallel Wireless\Desktop\VScode_projects\Student_drive\core\models.py", line 372, in save
    super().save(*args, **kwargs)
    ~~~~~~~~~~~~^^^^^^^^^^^^^^^^^
  File "C:\Users\akossonovic\AppData\Local\Python\pythoncore-3.14-64\Lib\site-packages\django\db\models\base.py", line 874, in save
    self.save_base(
    ~~~~~~~~~~~~~~^
        using=using,
        ^^^^^^^^^^^^
    ...<2 lines>...
        update_fields=update_fields,
        ^^^^^^^^^^^^^^^^^^^^^^^^^^^^
    )
    ^
  File "C:\Users\akossonovic\AppData\Local\Python\pythoncore-3.14-64\Lib\site-packages\django\db\models\base.py", line 981, in save_base
    post_save.send(
    ~~~~~~~~~~~~~~^
        sender=origin,
        ^^^^^^^^^^^^^^
    ...<4 lines>...
        using=using,
        ^^^^^^^^^^^^
    )
    ^
  File "C:\Users\akossonovic\AppData\Local\Python\pythoncore-3.14-64\Lib\site-packages\django\dispatch\dispatcher.py", line 209, in send
    response = receiver(signal=self, sender=sender, **named)
  File "C:\Users\akossonovic\OneDrive - Parallel Wireless\Desktop\VScode_projects\Student_drive\core\signals.py", line 55, in notify_students_on_new_file
    print(f"DEBUG: \u05e7\u05d5\u05d1\u05e5 \u05e2\u05dc\u05d4 \u05dc\u05e9\u05d5\u05e8\u05e9 \u05d4\u05e7\u05d5\u05e8\u05e1. \u05dc\u05d9\u05e0\u05e7 \u05e0\u05d5\u05e6\u05e8: {target_link}")
    ~~~~~^^^^^^^^^^^^^^^^^^^^^^^^^^^^^^^^^^^^^^^^^^^^^^^^^^^^^^^^^^
  File "C:\Users\akossonovic\AppData\Local\Python\pythoncore-3.14-64\Lib\encodings\cp1252.py", line 19, in encode
    return codecs.charmap_encode(input,self.errors,encoding_table)[0]
           ~~~~~~~~~~~~~~~~~~~~~^^^^^^^^^^^^^^^^^^^^^^^^^^^^^^^^^^
UnicodeEncodeError: 'charmap' codec can't encode characters in position 7-10: character maps to <undefined>

======================================================================
ERROR: test_files_tinder_popularity_wins_inside_same_tier (core.tests.test_files_tinder.FilesTinderTests.test_files_tinder_popularity_wins_inside_same_tier)
----------------------------------------------------------------------
Traceback (most recent call last):
  File "C:\Users\akossonovic\OneDrive - Parallel Wireless\Desktop\VScode_projects\Student_drive\core\tests\test_files_tinder.py", line 41, in setUp
    self.favorite_doc = Document.objects.create(
                        ~~~~~~~~~~~~~~~~~~~~~~~^
        course=self.favorite_course,
        ^^^^^^^^^^^^^^^^^^^^^^^^^^^^
    ...<2 lines>...
        uploaded_by=self.friend,
        ^^^^^^^^^^^^^^^^^^^^^^^^
    )
    ^
  File "C:\Users\akossonovic\AppData\Local\Python\pythoncore-3.14-64\Lib\site-packages\django\db\models\manager.py", line 87, in manager_method
    return getattr(self.get_queryset(), name)(*args, **kwargs)
           ~~~~~~~~~~~~~~~~~~~~~~~~~~~~~~~~~~^^^^^^^^^^^^^^^^^
  File "C:\Users\akossonovic\AppData\Local\Python\pythoncore-3.14-64\Lib\site-packages\django\db\models\query.py", line 669, in create
    obj.save(force_insert=True, using=self.db)
    ~~~~~~~~^^^^^^^^^^^^^^^^^^^^^^^^^^^^^^^^^^
  File "C:\Users\akossonovic\OneDrive - Parallel Wireless\Desktop\VScode_projects\Student_drive\core\models.py", line 372, in save
    super().save(*args, **kwargs)
    ~~~~~~~~~~~~^^^^^^^^^^^^^^^^^
  File "C:\Users\akossonovic\AppData\Local\Python\pythoncore-3.14-64\Lib\site-packages\django\db\models\base.py", line 874, in save
    self.save_base(
    ~~~~~~~~~~~~~~^
        using=using,
        ^^^^^^^^^^^^
    ...<2 lines>...
        update_fields=update_fields,
        ^^^^^^^^^^^^^^^^^^^^^^^^^^^^
    )
    ^
  File "C:\Users\akossonovic\AppData\Local\Python\pythoncore-3.14-64\Lib\site-packages\django\db\models\base.py", line 981, in save_base
    post_save.send(
    ~~~~~~~~~~~~~~^
        sender=origin,
        ^^^^^^^^^^^^^^
    ...<4 lines>...
        using=using,
        ^^^^^^^^^^^^
    )
    ^
  File "C:\Users\akossonovic\AppData\Local\Python\pythoncore-3.14-64\Lib\site-packages\django\dispatch\dispatcher.py", line 209, in send
    response = receiver(signal=self, sender=sender, **named)
  File "C:\Users\akossonovic\OneDrive - Parallel Wireless\Desktop\VScode_projects\Student_drive\core\signals.py", line 55, in notify_students_on_new_file
    print(f"DEBUG: \u05e7\u05d5\u05d1\u05e5 \u05e2\u05dc\u05d4 \u05dc\u05e9\u05d5\u05e8\u05e9 \u05d4\u05e7\u05d5\u05e8\u05e1. \u05dc\u05d9\u05e0\u05e7 \u05e0\u05d5\u05e6\u05e8: {target_link}")
    ~~~~~^^^^^^^^^^^^^^^^^^^^^^^^^^^^^^^^^^^^^^^^^^^^^^^^^^^^^^^^^^
  File "C:\Users\akossonovic\AppData\Local\Python\pythoncore-3.14-64\Lib\encodings\cp1252.py", line 19, in encode
    return codecs.charmap_encode(input,self.errors,encoding_table)[0]
           ~~~~~~~~~~~~~~~~~~~~~^^^^^^^^^^^^^^^^^^^^^^^^^^^^^^^^^^
UnicodeEncodeError: 'charmap' codec can't encode characters in position 7-10: character maps to <undefined>

======================================================================
ERROR: test_files_tinder_prioritizes_favorite_course_document (core.tests.test_files_tinder.FilesTinderTests.test_files_tinder_prioritizes_favorite_course_document)
----------------------------------------------------------------------
Traceback (most recent call last):
  File "C:\Users\akossonovic\OneDrive - Parallel Wireless\Desktop\VScode_projects\Student_drive\core\tests\test_files_tinder.py", line 41, in setUp
    self.favorite_doc = Document.objects.create(
                        ~~~~~~~~~~~~~~~~~~~~~~~^
        course=self.favorite_course,
        ^^^^^^^^^^^^^^^^^^^^^^^^^^^^
    ...<2 lines>...
        uploaded_by=self.friend,
        ^^^^^^^^^^^^^^^^^^^^^^^^
    )
    ^
  File "C:\Users\akossonovic\AppData\Local\Python\pythoncore-3.14-64\Lib\site-packages\django\db\models\manager.py", line 87, in manager_method
    return getattr(self.get_queryset(), name)(*args, **kwargs)
           ~~~~~~~~~~~~~~~~~~~~~~~~~~~~~~~~~~^^^^^^^^^^^^^^^^^
  File "C:\Users\akossonovic\AppData\Local\Python\pythoncore-3.14-64\Lib\site-packages\django\db\models\query.py", line 669, in create
    obj.save(force_insert=True, using=self.db)
    ~~~~~~~~^^^^^^^^^^^^^^^^^^^^^^^^^^^^^^^^^^
  File "C:\Users\akossonovic\OneDrive - Parallel Wireless\Desktop\VScode_projects\Student_drive\core\models.py", line 372, in save
    super().save(*args, **kwargs)
    ~~~~~~~~~~~~^^^^^^^^^^^^^^^^^
  File "C:\Users\akossonovic\AppData\Local\Python\pythoncore-3.14-64\Lib\site-packages\django\db\models\base.py", line 874, in save
    self.save_base(
    ~~~~~~~~~~~~~~^
        using=using,
        ^^^^^^^^^^^^
    ...<2 lines>...
        update_fields=update_fields,
        ^^^^^^^^^^^^^^^^^^^^^^^^^^^^
    )
    ^
  File "C:\Users\akossonovic\AppData\Local\Python\pythoncore-3.14-64\Lib\site-packages\django\db\models\base.py", line 981, in save_base
    post_save.send(
    ~~~~~~~~~~~~~~^
        sender=origin,
        ^^^^^^^^^^^^^^
    ...<4 lines>...
        using=using,
        ^^^^^^^^^^^^
    )
    ^
  File "C:\Users\akossonovic\AppData\Local\Python\pythoncore-3.14-64\Lib\site-packages\django\dispatch\dispatcher.py", line 209, in send
    response = receiver(signal=self, sender=sender, **named)
  File "C:\Users\akossonovic\OneDrive - Parallel Wireless\Desktop\VScode_projects\Student_drive\core\signals.py", line 55, in notify_students_on_new_file
    print(f"DEBUG: \u05e7\u05d5\u05d1\u05e5 \u05e2\u05dc\u05d4 \u05dc\u05e9\u05d5\u05e8\u05e9 \u05d4\u05e7\u05d5\u05e8\u05e1. \u05dc\u05d9\u05e0\u05e7 \u05e0\u05d5\u05e6\u05e8: {target_link}")
    ~~~~~^^^^^^^^^^^^^^^^^^^^^^^^^^^^^^^^^^^^^^^^^^^^^^^^^^^^^^^^^^
  File "C:\Users\akossonovic\AppData\Local\Python\pythoncore-3.14-64\Lib\encodings\cp1252.py", line 19, in encode
    return codecs.charmap_encode(input,self.errors,encoding_table)[0]
           ~~~~~~~~~~~~~~~~~~~~~^^^^^^^^^^^^^^^^^^^^^^^^^^^^^^^^^^
UnicodeEncodeError: 'charmap' codec can't encode characters in position 7-10: character maps to <undefined>

======================================================================
ERROR: test_files_tinder_requires_login (core.tests.test_files_tinder.FilesTinderTests.test_files_tinder_requires_login)
----------------------------------------------------------------------
Traceback (most recent call last):
  File "C:\Users\akossonovic\OneDrive - Parallel Wireless\Desktop\VScode_projects\Student_drive\core\tests\test_files_tinder.py", line 41, in setUp
    self.favorite_doc = Document.objects.create(
                        ~~~~~~~~~~~~~~~~~~~~~~~^
        course=self.favorite_course,
        ^^^^^^^^^^^^^^^^^^^^^^^^^^^^
    ...<2 lines>...
        uploaded_by=self.friend,
        ^^^^^^^^^^^^^^^^^^^^^^^^
    )
    ^
  File "C:\Users\akossonovic\AppData\Local\Python\pythoncore-3.14-64\Lib\site-packages\django\db\models\manager.py", line 87, in manager_method
    return getattr(self.get_queryset(), name)(*args, **kwargs)
           ~~~~~~~~~~~~~~~~~~~~~~~~~~~~~~~~~~^^^^^^^^^^^^^^^^^
  File "C:\Users\akossonovic\AppData\Local\Python\pythoncore-3.14-64\Lib\site-packages\django\db\models\query.py", line 669, in create
    obj.save(force_insert=True, using=self.db)
    ~~~~~~~~^^^^^^^^^^^^^^^^^^^^^^^^^^^^^^^^^^
  File "C:\Users\akossonovic\OneDrive - Parallel Wireless\Desktop\VScode_projects\Student_drive\core\models.py", line 372, in save
    super().save(*args, **kwargs)
    ~~~~~~~~~~~~^^^^^^^^^^^^^^^^^
  File "C:\Users\akossonovic\AppData\Local\Python\pythoncore-3.14-64\Lib\site-packages\django\db\models\base.py", line 874, in save
    self.save_base(
    ~~~~~~~~~~~~~~^
        using=using,
        ^^^^^^^^^^^^
    ...<2 lines>...
        update_fields=update_fields,
        ^^^^^^^^^^^^^^^^^^^^^^^^^^^^
    )
    ^
  File "C:\Users\akossonovic\AppData\Local\Python\pythoncore-3.14-64\Lib\site-packages\django\db\models\base.py", line 981, in save_base
    post_save.send(
    ~~~~~~~~~~~~~~^
        sender=origin,
        ^^^^^^^^^^^^^^
    ...<4 lines>...
        using=using,
        ^^^^^^^^^^^^
    )
    ^
  File "C:\Users\akossonovic\AppData\Local\Python\pythoncore-3.14-64\Lib\site-packages\django\dispatch\dispatcher.py", line 209, in send
    response = receiver(signal=self, sender=sender, **named)
  File "C:\Users\akossonovic\OneDrive - Parallel Wireless\Desktop\VScode_projects\Student_drive\core\signals.py", line 55, in notify_students_on_new_file
    print(f"DEBUG: \u05e7\u05d5\u05d1\u05e5 \u05e2\u05dc\u05d4 \u05dc\u05e9\u05d5\u05e8\u05e9 \u05d4\u05e7\u05d5\u05e8\u05e1. \u05dc\u05d9\u05e0\u05e7 \u05e0\u05d5\u05e6\u05e8: {target_link}")
    ~~~~~^^^^^^^^^^^^^^^^^^^^^^^^^^^^^^^^^^^^^^^^^^^^^^^^^^^^^^^^^^
  File "C:\Users\akossonovic\AppData\Local\Python\pythoncore-3.14-64\Lib\encodings\cp1252.py", line 19, in encode
    return codecs.charmap_encode(input,self.errors,encoding_table)[0]
           ~~~~~~~~~~~~~~~~~~~~~^^^^^^^^^^^^^^^^^^^^^^^^^^^^^^^^^^
UnicodeEncodeError: 'charmap' codec can't encode characters in position 7-10: character maps to <undefined>

======================================================================
ERROR: test_files_tinder_swipe_dislike_creates_negative_vote (core.tests.test_files_tinder.FilesTinderTests.test_files_tinder_swipe_dislike_creates_negative_vote)
----------------------------------------------------------------------
Traceback (most recent call last):
  File "C:\Users\akossonovic\OneDrive - Parallel Wireless\Desktop\VScode_projects\Student_drive\core\tests\test_files_tinder.py", line 41, in setUp
    self.favorite_doc = Document.objects.create(
                        ~~~~~~~~~~~~~~~~~~~~~~~^
        course=self.favorite_course,
        ^^^^^^^^^^^^^^^^^^^^^^^^^^^^
    ...<2 lines>...
        uploaded_by=self.friend,
        ^^^^^^^^^^^^^^^^^^^^^^^^
    )
    ^
  File "C:\Users\akossonovic\AppData\Local\Python\pythoncore-3.14-64\Lib\site-packages\django\db\models\manager.py", line 87, in manager_method
    return getattr(self.get_queryset(), name)(*args, **kwargs)
           ~~~~~~~~~~~~~~~~~~~~~~~~~~~~~~~~~~^^^^^^^^^^^^^^^^^
  File "C:\Users\akossonovic\AppData\Local\Python\pythoncore-3.14-64\Lib\site-packages\django\db\models\query.py", line 669, in create
    obj.save(force_insert=True, using=self.db)
    ~~~~~~~~^^^^^^^^^^^^^^^^^^^^^^^^^^^^^^^^^^
  File "C:\Users\akossonovic\OneDrive - Parallel Wireless\Desktop\VScode_projects\Student_drive\core\models.py", line 372, in save
    super().save(*args, **kwargs)
    ~~~~~~~~~~~~^^^^^^^^^^^^^^^^^
  File "C:\Users\akossonovic\AppData\Local\Python\pythoncore-3.14-64\Lib\site-packages\django\db\models\base.py", line 874, in save
    self.save_base(
    ~~~~~~~~~~~~~~^
        using=using,
        ^^^^^^^^^^^^
    ...<2 lines>...
        update_fields=update_fields,
        ^^^^^^^^^^^^^^^^^^^^^^^^^^^^
    )
    ^
  File "C:\Users\akossonovic\AppData\Local\Python\pythoncore-3.14-64\Lib\site-packages\django\db\models\base.py", line 981, in save_base
    post_save.send(
    ~~~~~~~~~~~~~~^
        sender=origin,
        ^^^^^^^^^^^^^^
    ...<4 lines>...
        using=using,
        ^^^^^^^^^^^^
    )
    ^
  File "C:\Users\akossonovic\AppData\Local\Python\pythoncore-3.14-64\Lib\site-packages\django\dispatch\dispatcher.py", line 209, in send
    response = receiver(signal=self, sender=sender, **named)
  File "C:\Users\akossonovic\OneDrive - Parallel Wireless\Desktop\VScode_projects\Student_drive\core\signals.py", line 55, in notify_students_on_new_file
    print(f"DEBUG: \u05e7\u05d5\u05d1\u05e5 \u05e2\u05dc\u05d4 \u05dc\u05e9\u05d5\u05e8\u05e9 \u05d4\u05e7\u05d5\u05e8\u05e1. \u05dc\u05d9\u05e0\u05e7 \u05e0\u05d5\u05e6\u05e8: {target_link}")
    ~~~~~^^^^^^^^^^^^^^^^^^^^^^^^^^^^^^^^^^^^^^^^^^^^^^^^^^^^^^^^^^
  File "C:\Users\akossonovic\AppData\Local\Python\pythoncore-3.14-64\Lib\encodings\cp1252.py", line 19, in encode
    return codecs.charmap_encode(input,self.errors,encoding_table)[0]
           ~~~~~~~~~~~~~~~~~~~~~^^^^^^^^^^^^^^^^^^^^^^^^^^^^^^^^^^
UnicodeEncodeError: 'charmap' codec can't encode characters in position 7-10: character maps to <undefined>

======================================================================
ERROR: test_files_tinder_swipe_like_creates_vote_and_like (core.tests.test_files_tinder.FilesTinderTests.test_files_tinder_swipe_like_creates_vote_and_like)
----------------------------------------------------------------------
Traceback (most recent call last):
  File "C:\Users\akossonovic\OneDrive - Parallel Wireless\Desktop\VScode_projects\Student_drive\core\tests\test_files_tinder.py", line 41, in setUp
    self.favorite_doc = Document.objects.create(
                        ~~~~~~~~~~~~~~~~~~~~~~~^
        course=self.favorite_course,
        ^^^^^^^^^^^^^^^^^^^^^^^^^^^^
    ...<2 lines>...
        uploaded_by=self.friend,
        ^^^^^^^^^^^^^^^^^^^^^^^^
    )
    ^
  File "C:\Users\akossonovic\AppData\Local\Python\pythoncore-3.14-64\Lib\site-packages\django\db\models\manager.py", line 87, in manager_method
    return getattr(self.get_queryset(), name)(*args, **kwargs)
           ~~~~~~~~~~~~~~~~~~~~~~~~~~~~~~~~~~^^^^^^^^^^^^^^^^^
  File "C:\Users\akossonovic\AppData\Local\Python\pythoncore-3.14-64\Lib\site-packages\django\db\models\query.py", line 669, in create
    obj.save(force_insert=True, using=self.db)
    ~~~~~~~~^^^^^^^^^^^^^^^^^^^^^^^^^^^^^^^^^^
  File "C:\Users\akossonovic\OneDrive - Parallel Wireless\Desktop\VScode_projects\Student_drive\core\models.py", line 372, in save
    super().save(*args, **kwargs)
    ~~~~~~~~~~~~^^^^^^^^^^^^^^^^^
  File "C:\Users\akossonovic\AppData\Local\Python\pythoncore-3.14-64\Lib\site-packages\django\db\models\base.py", line 874, in save
    self.save_base(
    ~~~~~~~~~~~~~~^
        using=using,
        ^^^^^^^^^^^^
    ...<2 lines>...
        update_fields=update_fields,
        ^^^^^^^^^^^^^^^^^^^^^^^^^^^^
    )
    ^
  File "C:\Users\akossonovic\AppData\Local\Python\pythoncore-3.14-64\Lib\site-packages\django\db\models\base.py", line 981, in save_base
    post_save.send(
    ~~~~~~~~~~~~~~^
        sender=origin,
        ^^^^^^^^^^^^^^
    ...<4 lines>...
        using=using,
        ^^^^^^^^^^^^
    )
    ^
  File "C:\Users\akossonovic\AppData\Local\Python\pythoncore-3.14-64\Lib\site-packages\django\dispatch\dispatcher.py", line 209, in send
    response = receiver(signal=self, sender=sender, **named)
  File "C:\Users\akossonovic\OneDrive - Parallel Wireless\Desktop\VScode_projects\Student_drive\core\signals.py", line 55, in notify_students_on_new_file
    print(f"DEBUG: \u05e7\u05d5\u05d1\u05e5 \u05e2\u05dc\u05d4 \u05dc\u05e9\u05d5\u05e8\u05e9 \u05d4\u05e7\u05d5\u05e8\u05e1. \u05dc\u05d9\u05e0\u05e7 \u05e0\u05d5\u05e6\u05e8: {target_link}")
    ~~~~~^^^^^^^^^^^^^^^^^^^^^^^^^^^^^^^^^^^^^^^^^^^^^^^^^^^^^^^^^^
  File "C:\Users\akossonovic\AppData\Local\Python\pythoncore-3.14-64\Lib\encodings\cp1252.py", line 19, in encode
    return codecs.charmap_encode(input,self.errors,encoding_table)[0]
           ~~~~~~~~~~~~~~~~~~~~~^^^^^^^^^^^^^^^^^^^^^^^^^^^^^^^^^^
UnicodeEncodeError: 'charmap' codec can't encode characters in position 7-10: character maps to <undefined>

----------------------------------------------------------------------
Ran 6 tests in 1.035s

FAILED (errors=6)
Destroying test database for alias 'default'...

Found 6 test(s).
System check identified no issues (0 silenced).
Error extracting text from PDF: startxref not found
Error extracting text from PDF: startxref not found
Error extracting text from PDF: startxref not found
Error extracting text from PDF: startxref not found
Error extracting text from PDF: startxref not found
Error extracting text from PDF: startxref not found
